// Jest Snapshot v1, https://goo.gl/fbAQLP

exports[`Should withReviewForm render correctly 1`] = `
<div>
  Mock Component
</div>
`;
