// Jest Snapshot v1, https://goo.gl/fbAQLP

exports[`PrivateRoute snapshot Should PrivateRoute render correctly with authorizationStatus: AUTH 1`] = `null`;

exports[`PrivateRoute snapshot Should PrivateRoute render correctly with authorizationStatus: NO_AUTH 1`] = `null`;
