// Jest Snapshot v1, https://goo.gl/fbAQLP

exports[`OfferCard snapshot Should OfferCard render correctly 1`] = `
<article
  className="near-places__card place-card "
  onMouseEnter={[Function]}
  onMouseLeave={[Function]}
>
  
  <div
    className="near-places__image-wrapper place-card__image-wrapper"
  >
    <a
      href="/offer/2"
      onClick={[Function]}
    >
      <img
        alt="Place image"
        className="place-card__image"
        height="200"
        src="https://assets.htmlacademy.ru/intensives/javascript-3/hotel/8.jpg"
        width="260"
      />
    </a>
  </div>
  <div
    className="place-card__info"
  >
    <div
      className="place-card__price-wrapper"
    >
      <div
        className="place-card__price"
      >
        <b
          className="place-card__price-value"
        >
          €
          323
        </b>
        <span
          className="place-card__price-text"
        >
          / night
        </span>
      </div>
      <a
        className="place-card__bookmark-button button"
        href="/login"
        onClick={[Function]}
        type="button"
      >
        <svg
          className="place-card__bookmark-icon"
          height="19"
          width="18"
        >
          <use
            xlinkHref="#icon-bookmark"
          />
        </svg>
        <span
          className="visually-hidden"
        >
          To
           bookmarks
        </span>
      </a>
    </div>
    <div
      className="place-card__rating rating"
    >
      <div
        className="place-card__stars rating__stars"
      >
        <span
          style={
            Object {
              "width": "80%",
            }
          }
        />
        <span
          className="visually-hidden"
        >
          Rating
        </span>
      </div>
    </div>
    <h2
      className="place-card__name"
    >
      <a
        href="/offer/2"
        onClick={[Function]}
      >
        Amazing and Extremely Central Flat
      </a>
    </h2>
    <p
      className="place-card__type"
    >
      Apartment
    </p>
  </div>
</article>
`;
