// Jest Snapshot v1, https://goo.gl/fbAQLP

exports[`withOpen renders correctly 1`] = `null`;
